INFO  2025/08/26 11:26:18 Server started
INFO  2025/08/26 11:26:18 Server started
INFO  2025/08/26 11:26:18 gocode library loaded
INFO  2025/08/27 10:26:10 gocode library loaded
INFO  2025/08/27 10:48:27 shutting down...
INFO  2025/08/27 10:48:27 server stopped
INFO  2025/08/27 11:21:05 gocode library loaded
INFO  2025/08/27 11:22:20 gocode library loaded
INFO  2025/08/27 11:56:26 shutting down...
INFO  2025/08/27 11:56:26 server stopped
INFO  2025/08/27 11:56:32 gocode library loaded
INFO  2025/08/27 12:02:33 shutting down...
INFO  2025/08/27 12:02:33 server stopped
INFO  2025/08/27 12:02:40 gocode library loaded
INFO  2025/08/27 12:16:53 shutting down...
INFO  2025/08/27 12:16:53 server stopped
INFO  2025/08/27 12:16:59 gocode library loaded
INFO  2025/08/27 12:20:09 shutting down...
INFO  2025/08/27 12:20:09 server stopped
INFO  2025/08/27 12:20:16 gocode library loaded
INFO  2025/08/27 12:23:51 shutting down...
INFO  2025/08/27 12:23:51 server stopped
INFO  2025/08/27 12:23:57 gocode library loaded
INFO  2025/08/27 12:26:27 shutting down...
INFO  2025/08/27 12:26:27 server stopped
INFO  2025/08/27 12:26:32 gocode library loaded
INFO  2025/08/27 12:32:31 shutting down...
INFO  2025/08/27 12:32:31 server stopped
INFO  2025/08/27 12:32:38 gocode library loaded
INFO  2025/08/27 12:36:47 shutting down...
INFO  2025/08/27 12:36:47 server stopped
INFO  2025/08/27 12:36:52 gocode library loaded
INFO  2025/08/27 12:39:07 shutting down...
INFO  2025/08/27 12:39:07 server stopped
INFO  2025/08/27 12:39:12 gocode library loaded
INFO  2025/08/27 12:41:18 shutting down...
INFO  2025/08/27 12:41:18 server stopped
INFO  2025/08/27 12:41:24 gocode library loaded
INFO  2025/08/27 12:43:37 gocode library loaded
INFO  2025/08/27 12:45:33 gocode library loaded
ERROR 2025/08/27 12:45:58 authorization.go:109: invalid token:  DUPE
INFO  2025/08/27 12:48:02 shutting down...
INFO  2025/08/27 12:48:02 server stopped
INFO  2025/09/02 16:46:38 gocode library loaded
INFO  2025/09/02 17:23:27 shutting down...
INFO  2025/09/02 17:23:27 server stopped
INFO  2025/09/02 17:40:55 gocode library loaded
INFO  2025/09/02 17:41:42 shutting down...
INFO  2025/09/02 17:41:42 server stopped
INFO  2025/09/02 17:42:16 gocode library loaded
INFO  2025/09/02 17:49:09 shutting down...
INFO  2025/09/02 17:49:09 server stopped
INFO  2025/09/02 17:49:15 gocode library loaded
INFO  2025/09/02 17:53:19 shutting down...
INFO  2025/09/02 17:53:19 server stopped
INFO  2025/09/02 17:53:25 gocode library loaded
INFO  2025/09/02 17:58:57 shutting down...
INFO  2025/09/02 17:58:57 server stopped
INFO  2025/09/02 17:59:01 gocode library loaded
ERROR 2025/09/02 17:59:04 authorization.go:157: invalid token:  DUPE
ERROR 2025/09/02 17:59:08 authorization.go:157: invalid token:  DUPE
INFO  2025/09/02 18:04:12 [123 10 32 32 34 105 100 34 58 32 34 49 49 52 52 57 48 56 54 56 50 50 53 48 55 48 54 53 53 57 56 48 34 44 10 32 32 34 101 109 97 105 108 34 58 32 34 108 111 103 105 110 109 97 105 108 50 53 48 64 103 109 97 105 108 46 99 111 109 34 44 10 32 32 34 118 101 114 105 102 105 101 100 95 101 109 97 105 108 34 58 32 116 114 117 101 44 10 32 32 34 110 97 109 101 34 58 32 34 76 111 103 105 110 105 107 34 44 10 32 32 34 103 105 118 101 110 95 110 97 109 101 34 58 32 34 76 111 103 105 110 105 107 34 44 10 32 32 34 112 105 99 116 117 114 101 34 58 32 34 104 116 116 112 115 58 47 47 108 104 51 46 103 111 111 103 108 101 117 115 101 114 99 111 110 116 101 110 116 46 99 111 109 47 97 47 65 67 103 56 111 99 75 71 50 71 57 105 51 80 101 86 103 122 120 108 69 74 109 75 72 108 106 49 72 104 106 89 117 102 45 113 81 74 90 99 80 105 52 49 49 103 100 116 100 100 115 88 95 78 111 77 61 115 57 54 45 99 34 10 125 10]
INFO  2025/09/02 18:06:39 [123 10 32 32 34 105 100 34 58 32 34 49 49 52 52 57 48 56 54 56 50 50 53 48 55 48 54 53 53 57 56 48 34 44 10 32 32 34 101 109 97 105 108 34 58 32 34 108 111 103 105 110 109 97 105 108 50 53 48 64 103 109 97 105 108 46 99 111 109 34 44 10 32 32 34 118 101 114 105 102 105 101 100 95 101 109 97 105 108 34 58 32 116 114 117 101 44 10 32 32 34 110 97 109 101 34 58 32 34 76 111 103 105 110 105 107 34 44 10 32 32 34 103 105 118 101 110 95 110 97 109 101 34 58 32 34 76 111 103 105 110 105 107 34 44 10 32 32 34 112 105 99 116 117 114 101 34 58 32 34 104 116 116 112 115 58 47 47 108 104 51 46 103 111 111 103 108 101 117 115 101 114 99 111 110 116 101 110 116 46 99 111 109 47 97 47 65 67 103 56 111 99 75 71 50 71 57 105 51 80 101 86 103 122 120 108 69 74 109 75 72 108 106 49 72 104 106 89 117 102 45 113 81 74 90 99 80 105 52 49 49 103 100 116 100 100 115 88 95 78 111 77 61 115 57 54 45 99 34 10 125 10]
INFO  2025/09/02 18:06:53 shutting down...
INFO  2025/09/02 18:06:53 server stopped
INFO  2025/09/02 18:06:58 gocode library loaded
INFO  2025/09/02 18:07:02 shutting down...
INFO  2025/09/02 18:07:02 server stopped
INFO  2025/09/02 18:09:13 gocode library loaded
INFO  2025/09/03 00:15:02 shutting down...
INFO  2025/09/03 00:15:02 server stopped
INFO  2025/12/02 12:26:18 gocode library loaded
INFO  2025/12/02 12:27:38 shutting down...
INFO  2025/12/02 12:27:38 server stopped
